MA	kept	0.615764	fundamental theorem; ramsey's theorem; spectral theorem; helly's theorem; poincaré conjecture; change and the continuum; bayes theorem; modularity theorem; fundamental theorem; ramsey's theorem; spectral theorem; helly's theorem; poincaré conjecture; change and the continuum; bayes theorem; modularity theorem
PH	kept	0.615764	classical motion and fields; hooke's law; liouville's theorem; quantum systems; schrödinger equation; gravitation and the cosmos; clapeyron equation; matter in equilibrium; matter out of equilibrium; planck's law; classical motion and fields; hooke's law; liouville's theorem; quantum systems; schrödinger equation; gravitation and the cosmos; clapeyron equation; matter in equilibrium; matter out of equilibrium; planck's law
CH	kept	0.615764	composition and identity; henry's law; raoult's law; structure and bonding; hess's law; nernst equation; rates and mechanisms; synthesis and analysis; composition and identity; henry's law; raoult's law; structure and bonding; hess's law; nernst equation; rates and mechanisms; synthesis and analysis
BI	kept	0.615764	heritable information; nernst equation; breeder's equation; ecological interaction; heritable information; nernst equation; breeder's equation; ecological interaction
EA	kept	0.615764	internal motion; darcy's law; surface and fluid envelopes; decay law; gauss's theorem; human spatial organization; internal motion; darcy's law; surface and fluid envelopes; decay law; gauss's theorem; human spatial organization
MD	kept	0.615764	causes and mechanisms; bayes theorem; diagnosis and prognosis; treatment and drugs; populations and prevention; causes and mechanisms; bayes theorem; diagnosis and prognosis; treatment and drugs; populations and prevention
EN	kept	0.62069	force and deformation; paris law; bernoulli equation; colebrook equation; darcy's law; ergun equation; manning equation; mass and momentum; energy and entropy; fourier's law; newton's law; ampère's law; electromagnetic state; faraday's law; ohm's law; sampling theorem; composition and microstructure; constitutive law; little's law; nernst equation; pid law; raoult's law; force and deformation; paris law; bernoulli equation; colebrook equation; darcy's law; ergun equation; manning equation; mass and momentum; energy and entropy; fourier's law; newton's law; ampère's law; electromagnetic state; faraday's law; ohm's law; sampling theorem; composition and microstructure; constitutive law; little's law; nernst equation; pid law; raoult's law
CS	kept	0.62069	rice's theorem; amdahl's law; moore's law; rice's theorem; amdahl's law; moore's law
MS	kept	0.62069	fechner's law; mental processes; weber's law; nervous systems; free-rider theorem; social structures; fechner's law; mental processes; weber's law; nervous systems; free-rider theorem; social structures
EC	kept	0.62069	aggregate economy; welfare and public choice; aggregate economy; welfare and public choice
BU	kept	0.62069	little's law; operations and organisation; trade and tax; little's law; operations and organisation; trade and tax
ST	kept	0.62069	folk theorem; folk theorem
PO	kept	0.62069	duverger's law; political behaviour; policy and administration; relations among states; duverger's law; political behaviour; policy and administration; relations among states
LA	kept	0.62069	international law; wrongs and remedies; administrative law; constitutional law; public power; commercial law; criminal law; forums and proof; indigenous law; private law; new zealand law; international law; wrongs and remedies; administrative law; constitutional law; public power; commercial law; criminal law; forums and proof; indigenous law; private law
PL	kept	0.62069	leibniz's law; knowledge and mind; frege's principle; meaning and inference; standing of the sciences and mathematics; leibniz's law; knowledge and mind; frege's principle; meaning and inference; standing of the sciences and mathematics
HI	kept	0.62069	change and continuity; meaning and memory; change and continuity; meaning and memory
LN	kept	0.62069	frege's principle; variation in use; grimm's law; verner's law; frege's principle; variation in use; grimm's law; verner's law
AR	kept	0.62069	medium and making; context and reception; medium and making; context and reception
RE	kept	0.62069	ultimate and the human condition; authoritative text; community and institution; ultimate and the human condition; authoritative text; community and institution
ED	kept	0.62069	aims and curricula; campbell's law; institutions and systems; aims and curricula; campbell's law; institutions and systems
DE	kept	0.62069	use and need; performance in use; place and settlement; life of the built thing; planning law; use and need; performance in use; place and settlement; life of the built thing; planning law
AG	kept	0.62069	cultivation and husbandry; liebig's law; crop and animal health; breeder's equation; farming systems; cultivation and husbandry; liebig's law; crop and animal health; breeder's equation; farming systems
EV	kept	0.62069	precautionary principle; precautionary principle
IS	kept	0.62069	bradford's law; lotka's law; bradford's law; lotka's law
IK	kept	0.62069	ordering principles; relations to land and waters; governance and custom; research and data; treaty law; ordering principles; relations to land and waters; governance and custom; research and data; treaty law
